113123123